// Jest Snapshot v1, https://goo.gl/fbAQLP

exports[`renders without crashing 1`] = `
<div
  className="App"
>
  <h1>
    Lunch Roulette
  </h1>
  <WithStyles(Button)
    className="actionButton"
    color="primary"
    id="show-restaurants"
    onClick={[Function]}
    variant="contained"
  >
    Show nearby restaurants
  </WithStyles(Button)>
</div>
`;
